// Jest Snapshot v1, https://goo.gl/fbAQLP

exports[`should allow the user to log in 1`] = `
<div>
  <h3>
    You must log in to view the page at 
    /
  </h3>
  <h5>
    email: 
    <i>
      gcrowder93@gmail.com
    </i>
    <br />
     password: 
    <i>
      password
    </i>
  </h5>
  <form
    class="loginForm"
  >
    <label>
      Email
    </label>
    <input
      id="email"
      name="email"
      type="email"
    />
     
    <label>
      Password
    </label>
    <input
      id="password"
      name="password"
      type="password"
    />
    <button
      aria-label="Sign In"
      type="submit"
    >
      Sign in
    </button>
  </form>
</div>
`;
